Archive member included because of file (symbol)

c:/winavr-20100110/bin/../lib/gcc/avr/4.3.3/../../../../avr/lib/avr51\libm.a(cmpsf2.o)
                              main.o (__ltsf2)
c:/winavr-20100110/bin/../lib/gcc/avr/4.3.3/../../../../avr/lib/avr51\libm.a(fixunssfsi.o)
                              main.o (__fixunssfsi)
c:/winavr-20100110/bin/../lib/gcc/avr/4.3.3/../../../../avr/lib/avr51\libm.a(floatsisf.o)
                              main.o (__floatunsisf)
c:/winavr-20100110/bin/../lib/gcc/avr/4.3.3/../../../../avr/lib/avr51\libm.a(fp_cmp.o)
                              c:/winavr-20100110/bin/../lib/gcc/avr/4.3.3/../../../../avr/lib/avr51\libm.a(cmpsf2.o) (__fp_cmp)
c:/winavr-20100110/bin/../lib/gcc/avr/4.3.3/../../../../avr/lib/avr51\libm.a(fp_split3.o)
                              c:/winavr-20100110/bin/../lib/gcc/avr/4.3.3/../../../../avr/lib/avr51\libm.a(fixunssfsi.o) (__fp_splitA)
c:/winavr-20100110/bin/../lib/gcc/avr/4.3.3/../../../../avr/lib/avr51\libm.a(fp_zero.o)
                              c:/winavr-20100110/bin/../lib/gcc/avr/4.3.3/../../../../avr/lib/avr51\libm.a(fixunssfsi.o) (__fp_zero)
c:/winavr-20100110/bin/../lib/gcc/avr/4.3.3/../../../../avr/lib/avr51\libm.a(gesf2.o)
                              main.o (__gtsf2)
c:/winavr-20100110/bin/../lib/gcc/avr/4.3.3/../../../../avr/lib/avr51\libm.a(mulsf3.o)
                              main.o (__mulsf3)
c:/winavr-20100110/bin/../lib/gcc/avr/4.3.3/../../../../avr/lib/avr51\libm.a(mulsf3x.o)
                              c:/winavr-20100110/bin/../lib/gcc/avr/4.3.3/../../../../avr/lib/avr51\libm.a(mulsf3.o) (__mulsf3x)
c:/winavr-20100110/bin/../lib/gcc/avr/4.3.3/../../../../avr/lib/avr51\libm.a(fp_inf.o)
                              c:/winavr-20100110/bin/../lib/gcc/avr/4.3.3/../../../../avr/lib/avr51\libm.a(mulsf3x.o) (__fp_inf)
c:/winavr-20100110/bin/../lib/gcc/avr/4.3.3/../../../../avr/lib/avr51\libm.a(fp_nan.o)
                              c:/winavr-20100110/bin/../lib/gcc/avr/4.3.3/../../../../avr/lib/avr51\libm.a(mulsf3x.o) (__fp_nan)
c:/winavr-20100110/bin/../lib/gcc/avr/4.3.3/../../../../avr/lib/avr51\libm.a(fp_pscA.o)
                              c:/winavr-20100110/bin/../lib/gcc/avr/4.3.3/../../../../avr/lib/avr51\libm.a(mulsf3x.o) (__fp_pscA)
c:/winavr-20100110/bin/../lib/gcc/avr/4.3.3/../../../../avr/lib/avr51\libm.a(fp_pscB.o)
                              c:/winavr-20100110/bin/../lib/gcc/avr/4.3.3/../../../../avr/lib/avr51\libm.a(mulsf3x.o) (__fp_pscB)
c:/winavr-20100110/bin/../lib/gcc/avr/4.3.3/../../../../avr/lib/avr51\libm.a(fp_round.o)
                              c:/winavr-20100110/bin/../lib/gcc/avr/4.3.3/../../../../avr/lib/avr51\libm.a(mulsf3.o) (__fp_round)
c:/winavr-20100110/bin/../lib/gcc/avr/4.3.3/avr51\libgcc.a(_udivmodqi4.o)
                              u8g2_selection_list.o (__udivmodqi4)
c:/winavr-20100110/bin/../lib/gcc/avr/4.3.3/avr51\libgcc.a(_udivmodhi4.o)
                              u8x8_d_a2printer.o (__udivmodhi4)
c:/winavr-20100110/bin/../lib/gcc/avr/4.3.3/avr51\libgcc.a(_divmodhi4.o)
                              u8g2_polygon.o (__divmodhi4)
c:/winavr-20100110/bin/../lib/gcc/avr/4.3.3/avr51\libgcc.a(_exit.o)
                              c:/winavr-20100110/bin/../lib/gcc/avr/4.3.3/../../../../avr/lib/avr51/crtm128.o (exit)
c:/winavr-20100110/bin/../lib/gcc/avr/4.3.3/avr51\libgcc.a(_clear_bss.o)
                              main.o (__do_clear_bss)
c:/winavr-20100110/bin/../lib/gcc/avr/4.3.3/../../../../avr/lib/avr51\libc.a(memset.o)
                              u8g2_buffer.o (memset)
c:/winavr-20100110/bin/../lib/gcc/avr/4.3.3/../../../../avr/lib/avr51\libc.a(putchar.o)
                              u8x8_d_stdio.o (putchar)
c:/winavr-20100110/bin/../lib/gcc/avr/4.3.3/../../../../avr/lib/avr51\libc.a(fputc.o)
                              c:/winavr-20100110/bin/../lib/gcc/avr/4.3.3/../../../../avr/lib/avr51\libc.a(putchar.o) (fputc)
c:/winavr-20100110/bin/../lib/gcc/avr/4.3.3/../../../../avr/lib/avr51\libc.a(iob.o)
                              c:/winavr-20100110/bin/../lib/gcc/avr/4.3.3/../../../../avr/lib/avr51\libc.a(putchar.o) (__iob)

Allocating common symbols
Common symbol       size              file

bitmap              0x80              u8x8_d_stdio.o
u8g2_ssd1306        0x5d              main.o
u8g2_ks0108         0x5d              main.o
u8g2_pg             0x42              u8g2_polygon.o
__iob               0x6               c:/winavr-20100110/bin/../lib/gcc/avr/4.3.3/../../../../avr/lib/avr51\libc.a(iob.o)

Discarded input sections

 .data          0x00000000        0x0 c:/winavr-20100110/bin/../lib/gcc/avr/4.3.3/../../../../avr/lib/avr51/crtm128.o
 .bss           0x00000000        0x0 c:/winavr-20100110/bin/../lib/gcc/avr/4.3.3/../../../../avr/lib/avr51/crtm128.o
 .text          0x00000000        0x0 main.o
 .bss           0x00000000        0x0 main.o
 .text          0x00000000        0x0 u8g2_bitmap.o
 .data          0x00000000        0x0 u8g2_bitmap.o
[...]
Memory Configuration

Name             Origin             Length             Attributes
text             0x00000000         0x00020000         xr
data             0x00800060         0x0000ffa0         rw !x
eeprom           0x00810000         0x00010000         rw !x
fuse             0x00820000         0x00000400         rw !x
lock             0x00830000         0x00000400         rw !x
signature        0x00840000         0x00000400         rw !x
*default*        0x00000000         0xffffffff

Linker script and memory map

Address of section .data set to 0x800100
LOAD c:/winavr-20100110/bin/../lib/gcc/avr/4.3.3/../../../../avr/lib/avr51/crtm128.o
LOAD main.o
LOAD u8g2_bitmap.o
LOAD u8g2_box.o
LOAD u8g2_buffer.o
LOAD u8g2_circle.o
LOAD u8g2_cleardisplay.o
LOAD u8g2_d_memory.o
LOAD u8g2_d_setup.o
LOAD u8g2_font.o
LOAD u8g2_fonts.o
LOAD u8g2_hvline.o
LOAD u8g2_input_value.o
LOAD u8g2_intersection.o
LOAD u8g2_kerning.o
LOAD u8g2_line.o
LOAD u8g2_ll_hvline.o
LOAD u8g2_message.o
LOAD u8g2_polygon.o
LOAD u8g2_selection_list.o
LOAD u8g2_setup.o
LOAD u8log.o
LOAD u8log_u8g2.o
LOAD u8log_u8x8.o
LOAD u8x8_8x8.o
LOAD u8x8_byte.o
LOAD u8x8_cad.o
LOAD u8x8_debounce.o
LOAD u8x8_display.o
LOAD u8x8_d_a2printer.o
LOAD u8x8_d_il3820_296x128.o
LOAD u8x8_d_ist3020.o
LOAD u8x8_d_ks0108.o
LOAD u8x8_d_lc7981.o
LOAD u8x8_d_ld7032_60x32.o
LOAD u8x8_d_ls013b7dh03.o
LOAD u8x8_d_max7219.o
LOAD u8x8_d_pcd8544_84x48.o
LOAD u8x8_d_pcf8812.o
LOAD u8x8_d_pcf8814_hx1230.o
LOAD u8x8_d_sbn1661.o
LOAD u8x8_d_sed1330.o
LOAD u8x8_d_sh1106_64x32.o
LOAD u8x8_d_sh1106_72x40.o
LOAD u8x8_d_sh1107.o
LOAD u8x8_d_sh1108.o
LOAD u8x8_d_sh1122.o
LOAD u8x8_d_ssd1305.o
LOAD u8x8_d_ssd1306_128x32.o
LOAD u8x8_d_ssd1306_128x64_noname.o
LOAD u8x8_d_ssd1306_48x64.o
LOAD u8x8_d_ssd1306_64x32.o
LOAD u8x8_d_ssd1306_64x48.o
LOAD u8x8_d_ssd1306_96x16.o
LOAD u8x8_d_ssd1309.o
LOAD u8x8_d_ssd1317.o
LOAD u8x8_d_ssd1322.o
LOAD u8x8_d_ssd1325.o
LOAD u8x8_d_ssd1326.o
LOAD u8x8_d_ssd1327.o
LOAD u8x8_d_ssd1329.o
LOAD u8x8_d_ssd1606_172x72.o
LOAD u8x8_d_ssd1607_200x200.o
LOAD u8x8_d_st75256.o
LOAD u8x8_d_st7565.o
LOAD u8x8_d_st7567.o
LOAD u8x8_d_st7586s_erc240160.o
LOAD u8x8_d_st7586s_s028hn118a.o
LOAD u8x8_d_st7588.o
LOAD u8x8_d_st7920.o
LOAD u8x8_d_stdio.o
LOAD u8x8_d_t6963.o
LOAD u8x8_d_uc1601.o
LOAD u8x8_d_uc1604.o
LOAD u8x8_d_uc1608.o
LOAD u8x8_d_uc1610.o
LOAD u8x8_d_uc1611.o
LOAD u8x8_d_uc1617.o
LOAD u8x8_d_uc1638.o
LOAD u8x8_d_uc1701_dogs102.o
LOAD u8x8_d_uc1701_mini12864.o
LOAD u8x8_fonts.o
LOAD u8x8_gpio.o
LOAD u8x8_input_value.o
LOAD u8x8_message.o
LOAD u8x8_selection_list.o
LOAD u8x8_setup.o
LOAD u8x8_string.o
LOAD u8x8_u16toa.o
LOAD u8x8_u8toa.o
START GROUP
LOAD c:/winavr-20100110/bin/../lib/gcc/avr/4.3.3/../../../../avr/lib/avr51\libm.a
END GROUP
LOAD c:/winavr-20100110/bin/../lib/gcc/avr/4.3.3/avr51\libgcc.a
LOAD c:/winavr-20100110/bin/../lib/gcc/avr/4.3.3/../../../../avr/lib/avr51\libc.a
LOAD c:/winavr-20100110/bin/../lib/gcc/avr/4.3.3/avr51\libgcc.a

.hash
 *(.hash)

.dynsym
 *(.dynsym)

.dynstr
 *(.dynstr)

.gnu.version
 *(.gnu.version)

.gnu.version_d
 *(.gnu.version_d)

.gnu.version_r
 *(.gnu.version_r)

.rel.init
 *(.rel.init)

.rela.init
 *(.rela.init)

.rel.text
 *(.rel.text)
 *(.rel.text.*)
 *(.rel.gnu.linkonce.t*)

.rela.text
 *(.rela.text)
 *(.rela.text.*)
 *(.rela.gnu.linkonce.t*)

.rel.fini
 *(.rel.fini)

.rela.fini
 *(.rela.fini)

.rel.rodata
 *(.rel.rodata)
 *(.rel.rodata.*)
 *(.rel.gnu.linkonce.r*)

.rela.rodata
 *(.rela.rodata)
 *(.rela.rodata.*)
 *(.rela.gnu.linkonce.r*)

.rel.data
 *(.rel.data)
 *(.rel.data.*)
 *(.rel.gnu.linkonce.d*)

.rela.data
 *(.rela.data)
 *(.rela.data.*)
 *(.rela.gnu.linkonce.d*)

.rel.ctors
 *(.rel.ctors)

.rela.ctors
 *(.rela.ctors)

.rel.dtors
 *(.rel.dtors)

.rela.dtors
 *(.rela.dtors)

.rel.got
 *(.rel.got)

.rela.got
 *(.rela.got)

.rel.bss
 *(.rel.bss)

.rela.bss
 *(.rela.bss)

.rel.plt
 *(.rel.plt)

.rela.plt
 *(.rela.plt)

.text           0x00000000     0x2578
 *(.vectors)
 .vectors       0x00000000       0x8c c:/winavr-20100110/bin/../lib/gcc/avr/4.3.3/../../../../avr/lib/avr51/crtm128.o
                0x00000000                __vectors
                0x00000000                __vector_default
 *(.vectors)
 *(.progmem.gcc*)
 .progmem.gcc_sw_table
                0x0000008c       0x4e main.o
 *(.progmem*)
 .progmem.u8g2_font_ncenB08_tf
                0x000000da      0x9d6 u8g2_fonts.o
                0x000000da                u8g2_font_ncenB08_tf
                0x00000ab0                . = ALIGN (0x2)
                0x00000ab0                __trampolines_start = .
 *(.trampolines)
 .trampolines   0x00000ab0        0x0 linker stubs
 *(.trampolines*)
                0x00000ab0                __trampolines_end = .
 *(.jumptables)
 *(.jumptables*)
 *(.lowtext)
 *(.lowtext*)
                0x00000ab0                __ctors_start = .
 *(.ctors)
                0x00000ab0                __ctors_end = .
                0x00000ab0                __dtors_start = .
 *(.dtors)
                0x00000ab0                __dtors_end = .
 SORT(*)(.ctors)
 SORT(*)(.dtors)
 *(.init0)
 .init0         0x00000ab0        0x0 c:/winavr-20100110/bin/../lib/gcc/avr/4.3.3/../../../../avr/lib/avr51/crtm128.o
                0x00000ab0                __init
 *(.init0)
 *(.init1)
 *(.init1)
 *(.init2)
 .init2         0x00000ab0        0xc c:/winavr-20100110/bin/../lib/gcc/avr/4.3.3/../../../../avr/lib/avr51/crtm128.o
 *(.init2)
 *(.init3)
 *(.init3)
 *(.init4)
 .init4         0x00000abc       0x1a c:/winavr-20100110/bin/../lib/gcc/avr/4.3.3/../../../../avr/lib/avr51/crtm128.o
                0x00000abc                __do_copy_data
 .init4         0x00000ad6       0x10 c:/winavr-20100110/bin/../lib/gcc/avr/4.3.3/avr51\libgcc.a(_clear_bss.o)
                0x00000ad6                __do_clear_bss
 *(.init4)
 *(.init5)
 *(.init5)
 *(.init6)
 *(.init6)
 *(.init7)
 *(.init7)
 *(.init8)
 *(.init8)
 *(.init9)
 .init9         0x00000ae6        0x6 c:/winavr-20100110/bin/../lib/gcc/avr/4.3.3/../../../../avr/lib/avr51/crtm128.o
 *(.init9)
 *(.text)
 .text          0x00000aec        0x2 c:/winavr-20100110/bin/../lib/gcc/avr/4.3.3/../../../../avr/lib/avr51/crtm128.o
                0x00000aec                __vector_22
                0x00000aec                __vector_28
                0x00000aec                __vector_1
                0x00000aec                __vector_32
                0x00000aec                __vector_34
                0x00000aec                __vector_24
                0x00000aec                __vector_12
                0x00000aec                __bad_interrupt
                0x00000aec                __vector_6
                0x00000aec                __vector_31
                0x00000aec                __vector_3
                0x00000aec                __vector_23
                0x00000aec                __vector_30
                0x00000aec                __vector_25
                0x00000aec                __vector_11
                0x00000aec                __vector_13
                0x00000aec                __vector_17
                0x00000aec                __vector_19
                0x00000aec                __vector_7
                0x00000aec                __vector_27
                0x00000aec                __vector_5
                0x00000aec                __vector_33
                0x00000aec                __vector_4
                0x00000aec                __vector_9
                0x00000aec                __vector_2
                0x00000aec                __vector_21
                0x00000aec                __vector_15
                0x00000aec                __vector_29
                0x00000aec                __vector_8
                0x00000aec                __vector_26
                0x00000aec                __vector_14
                0x00000aec                __vector_10
                0x00000aec                __vector_16
                0x00000aec                __vector_18
                0x00000aec                __vector_20
                0x00000aee                . = ALIGN (0x2)
 *(.text.*)
 .text.ks0108_on
                0x00000aee       0x3a main.o
                0x00000aee                ks0108_on
 .text.ks0108_GPIO
                0x00000b28      0x238 main.o
                0x00000b28                ks0108_GPIO
 .text.main     0x00000d60      0x112 main.o
                0x00000d60                main
 .text.u8g2_DrawFrame
                0x00000e72       0x74 u8g2_box.o
                0x00000e72                u8g2_DrawFrame
 .text.u8g2_send_buffer
                0x00000ee6       0x9c u8g2_buffer.o
 .text.u8g2_SendBuffer
                0x00000f82       0x12 u8g2_buffer.o
                0x00000f82                u8g2_SendBuffer
 .text.u8g2_ClearBuffer
                0x00000f94       0x38 u8g2_buffer.o
                0x00000f94                u8g2_ClearBuffer
 .text.u8g2_m_16_8_f
                0x00000fcc        0xc u8g2_d_memory.o
                0x00000fcc                u8g2_m_16_8_f
 .text.u8g2_Setup_ks0108_128x64_f
                0x00000fd8       0x54 u8g2_d_setup.o
                0x00000fd8                u8g2_Setup_ks0108_128x64_f
 .text.u8g2_font_get_byte
                0x0000102c        0xc u8g2_font.o
 .text.u8g2_font_get_word
                0x00001038       0x1a u8g2_font.o
 .text.u8g2_read_font_info
                0x00001052       0xe4 u8g2_font.o
                0x00001052                u8g2_read_font_info
 .text.u8g2_font_decode_get_unsigned_bits
                0x00001136       0x60 u8g2_font.o
                0x00001136                u8g2_font_decode_get_unsigned_bits
 .text.u8g2_font_decode_get_signed_bits
                0x00001196       0x1c u8g2_font.o
                0x00001196                u8g2_font_decode_get_signed_bits
 .text.u8g2_add_vector_y
                0x000011b2       0x1e u8g2_font.o
 .text.u8g2_add_vector_x
                0x000011d0       0x1e u8g2_font.o
 .text.u8g2_font_setup_decode
                0x000011ee       0x50 u8g2_font.o
 .text.u8g2_font_get_glyph_data
                0x0000123e      0x120 u8g2_font.o
                0x0000123e                u8g2_font_get_glyph_data
 .text.u8g2_UpdateRefHeight
                0x0000135e       0xe2 u8g2_font.o
                0x0000135e                u8g2_UpdateRefHeight
 .text.u8g2_font_calc_vref_font
                0x00001440        0x4 u8g2_font.o
                0x00001440                u8g2_font_calc_vref_font
 .text.u8g2_SetFontPosBaseline
                0x00001444        0xc u8g2_font.o
                0x00001444                u8g2_SetFontPosBaseline
 .text.u8g2_SetFont
                0x00001450       0x24 u8g2_font.o
                0x00001450                u8g2_SetFont
 .text.u8g2_font_decode_len
                0x00001474       0xc4 u8g2_font.o
                0x00001474                u8g2_font_decode_len
 .text.u8g2_font_decode_glyph
                0x00001538      0x162 u8g2_font.o
                0x00001538                u8g2_font_decode_glyph
 .text.u8g2_DrawGlyph
                0x0000169a       0x7c u8g2_font.o
                0x0000169a                u8g2_DrawGlyph
 .text.u8g2_draw_string
                0x00001716       0x8e u8g2_font.o
 .text.u8g2_DrawStr
                0x000017a4        0xe u8g2_font.o
                0x000017a4                u8g2_DrawStr
 .text.u8g2_clip_intersection
                0x000017b2       0x36 u8g2_hvline.o
 .text.u8g2_draw_hv_line_4dir
                0x000017e8      0x116 u8g2_hvline.o
                0x000017e8                u8g2_draw_hv_line_4dir
 .text.u8g2_DrawHVLine
                0x000018fe       0x1c u8g2_hvline.o
                0x000018fe                u8g2_DrawHVLine
 .text.u8g2_is_intersection_decision_tree
                0x0000191a       0x28 u8g2_intersection.o
                0x0000191a                u8g2_is_intersection_decision_tree
 .text.u8g2_IsIntersection
                0x00001942       0x32 u8g2_intersection.o
                0x00001942                u8g2_IsIntersection
 .text.u8g2_ll_hvline_vertical_top_lsb
                0x00001974       0xd4 u8g2_ll_hvline.o
                0x00001974                u8g2_ll_hvline_vertical_top_lsb
 .text.u8g2_update_dimension_common
                0x00001a48       0xc0 u8g2_setup.o
 .text.u8g2_update_dimension_r0
                0x00001b08       0x1e u8g2_setup.o
                0x00001b08                u8g2_update_dimension_r0
 .text.u8g2_draw_l90_r0
                0x00001b26        0x8 u8g2_setup.o
                0x00001b26                u8g2_draw_l90_r0
 .text.u8g2_SetupBuffer
                0x00001b2e       0x58 u8g2_setup.o
                0x00001b2e                u8g2_SetupBuffer
 .text.u8x8_utf8_init
                0x00001b86        0x6 u8x8_8x8.o
                0x00001b86                u8x8_utf8_init
 .text.u8x8_ascii_next
                0x00001b8c       0x16 u8x8_8x8.o
                0x00001b8c                u8x8_ascii_next
 .text.u8x8_byte_SetDC
                0x00001ba2       0x14 u8x8_byte.o
                0x00001ba2                u8x8_byte_SetDC
 .text.u8x8_byte_SendBytes
                0x00001bb6       0x14 u8x8_byte.o
                0x00001bb6                u8x8_byte_SendBytes
 .text.u8x8_byte_SendByte
                0x00001bca       0x1e u8x8_byte.o
                0x00001bca                u8x8_byte_SendByte
 .text.u8x8_byte_set_ks0108_cs
                0x00001be8       0x32 u8x8_byte.o
                0x00001be8                u8x8_byte_set_ks0108_cs
 .text.u8x8_byte_ks0108
                0x00001c1a      0x112 u8x8_byte.o
                0x00001c1a                u8x8_byte_ks0108
 .text.u8x8_cad_SendCmd
                0x00001d2c       0x14 u8x8_cad.o
                0x00001d2c                u8x8_cad_SendCmd
 .text.u8x8_cad_SendData
                0x00001d40       0x14 u8x8_cad.o
                0x00001d40                u8x8_cad_SendData
 .text.u8x8_cad_SendSequence
                0x00001d54       0xa8 u8x8_cad.o
                0x00001d54                u8x8_cad_SendSequence
 .text.u8x8_cad_001
                0x00001dfc       0x6e u8x8_cad.o
                0x00001dfc                u8x8_cad_001
 .text.u8x8_d_helper_display_setup_memory
                0x00001e6a       0x10 u8x8_display.o
                0x00001e6a                u8x8_d_helper_display_setup_memory
 .text.u8x8_DrawTile
                0x00001e7a       0x46 u8x8_display.o
                0x00001e7a                u8x8_DrawTile
 .text.u8x8_SetupMemory
                0x00001ec0       0x14 u8x8_display.o
                0x00001ec0                u8x8_SetupMemory
 .text.u8x8_RefreshDisplay
                0x00001ed4       0x14 u8x8_display.o
                0x00001ed4                u8x8_RefreshDisplay
 .text.u8x8_d_helper_display_init
                0x00001ee8       0x78 u8x8_display.o
                0x00001ee8                u8x8_d_helper_display_init
 .text.u8x8_ks0108_out
                0x00001f60       0xb2 u8x8_d_ks0108.o
 .text.u8x8_d_ks0108_128x64
                0x00002012      0x23c u8x8_d_ks0108.o
                0x00002012                u8x8_d_ks0108_128x64
 .text.u8x8_gpio_call
                0x0000224e       0x10 u8x8_gpio.o
                0x0000224e                u8x8_gpio_call
 .text.u8x8_dummy_cb
                0x0000225e        0x4 u8x8_setup.o
                0x0000225e                u8x8_dummy_cb
 .text.u8x8_SetupDefaults
                0x00002262       0x28 u8x8_setup.o
                0x00002262                u8x8_SetupDefaults
 .text.u8x8_Setup
                0x0000228a       0x4a u8x8_setup.o
                0x0000228a                u8x8_Setup
 .text.avr-libc.fplib
                0x000022d4        0x8 c:/winavr-20100110/bin/../lib/gcc/avr/4.3.3/../../../../avr/lib/avr51\libm.a(cmpsf2.o)
                0x000022d4                __lesf2
                0x000022d4                __nesf2
                0x000022d4                __eqsf2
                0x000022d4                __cmpsf2
                0x000022d4                __ltsf2
 .text.avr-libc.fplib
                0x000022dc       0x58 c:/winavr-20100110/bin/../lib/gcc/avr/4.3.3/../../../../avr/lib/avr51\libm.a(fixunssfsi.o)
                0x000022dc                __fixunssfsi
 .text.avr-libc.fplib
                0x00002334       0x7a c:/winavr-20100110/bin/../lib/gcc/avr/4.3.3/../../../../avr/lib/avr51\libm.a(floatsisf.o)
                0x00002338                __floatsisf
                0x00002334                __floatunsisf
 .text.avr-libc.fplib
                0x000023ae       0x48 c:/winavr-20100110/bin/../lib/gcc/avr/4.3.3/../../../../avr/lib/avr51\libm.a(fp_cmp.o)
                0x000023ae                __fp_cmp
 .text.avr-libc.fplib
                0x000023f6       0x44 c:/winavr-20100110/bin/../lib/gcc/avr/4.3.3/../../../../avr/lib/avr51\libm.a(fp_split3.o)
                0x000023f6                __fp_split3
                0x00002406                __fp_splitA
 .text.avr-libc.fplib
                0x0000243a        0xe c:/winavr-20100110/bin/../lib/gcc/avr/4.3.3/../../../../avr/lib/avr51\libm.a(fp_zero.o)
                0x0000243a                __fp_zero
                0x0000243c                __fp_szero
 .text.avr-libc.fplib
                0x00002448        0x8 c:/winavr-20100110/bin/../lib/gcc/avr/4.3.3/../../../../avr/lib/avr51\libm.a(gesf2.o)
                0x00002448                __gtsf2
                0x00002448                __gesf2
 .text.avr-libc.fplib
                0x00002450        0x4 c:/winavr-20100110/bin/../lib/gcc/avr/4.3.3/../../../../avr/lib/avr51\libm.a(mulsf3.o)
                0x00002450                __mulsf3
 .text.avr-libc.fplib
                0x00002454       0xc2 c:/winavr-20100110/bin/../lib/gcc/avr/4.3.3/../../../../avr/lib/avr51\libm.a(mulsf3x.o)
                0x0000246c                __mulsf3_pse
                0x00002468                __mulsf3x
 .text.avr-libc.fplib
                0x00002516        0xc c:/winavr-20100110/bin/../lib/gcc/avr/4.3.3/../../../../avr/lib/avr51\libm.a(fp_inf.o)
                0x00002516                __fp_inf
 .text.avr-libc.fplib
                0x00002522        0x6 c:/winavr-20100110/bin/../lib/gcc/avr/4.3.3/../../../../avr/lib/avr51\libm.a(fp_nan.o)
                0x00002522                __fp_nan
 .text.avr-libc.fplib
                0x00002528        0xe c:/winavr-20100110/bin/../lib/gcc/avr/4.3.3/../../../../avr/lib/avr51\libm.a(fp_pscA.o)
                0x00002528                __fp_pscA
 .text.avr-libc.fplib
                0x00002536        0xe c:/winavr-20100110/bin/../lib/gcc/avr/4.3.3/../../../../avr/lib/avr51\libm.a(fp_pscB.o)
                0x00002536                __fp_pscB
 .text.avr-libc.fplib
                0x00002544       0x22 c:/winavr-20100110/bin/../lib/gcc/avr/4.3.3/../../../../avr/lib/avr51\libm.a(fp_round.o)
                0x00002544                __fp_round
 .text.avr-libc
                0x00002566        0xe c:/winavr-20100110/bin/../lib/gcc/avr/4.3.3/../../../../avr/lib/avr51\libc.a(memset.o)
                0x00002566                memset
                0x00002574                . = ALIGN (0x2)
 *(.fini9)
 .fini9         0x00002574        0x0 c:/winavr-20100110/bin/../lib/gcc/avr/4.3.3/avr51\libgcc.a(_exit.o)
                0x00002574                exit
                0x00002574                _exit
 *(.fini9)
 *(.fini8)
 *(.fini8)
 *(.fini7)
 *(.fini7)
 *(.fini6)
 *(.fini6)
 *(.fini5)
 *(.fini5)
 *(.fini4)
 *(.fini4)
 *(.fini3)
 *(.fini3)
 *(.fini2)
 *(.fini2)
 *(.fini1)
 *(.fini1)
 *(.fini0)
 .fini0         0x00002574        0x4 c:/winavr-20100110/bin/../lib/gcc/avr/4.3.3/avr51\libgcc.a(_exit.o)
 *(.fini0)
                0x00002578                _etext = .

.data           0x00800100       0x2c load address 0x00002578
                0x00800100                PROVIDE (__data_start, .)
 *(.data)
 .data          0x00800100        0x6 main.o
 *(.data*)
 *(.rodata)
 *(.rodata*)
 .rodata.u8g2_cb_r0
                0x00800106        0x4 u8g2_setup.o
                0x00800106                u8g2_cb_r0
 .rodata.u8x8_d_ks0108_init_seq
                0x0080010a        0x3 u8x8_d_ks0108.o
 .rodata.u8x8_d_ks0108_powersave0_seq
                0x0080010d        0x3 u8x8_d_ks0108.o
 .rodata.u8x8_d_ks0108_powersave1_seq
                0x00800110        0x3 u8x8_d_ks0108.o
 .rodata.u8x8_ks0108_128x64_display_info
                0x00800113       0x18 u8x8_d_ks0108.o
 *(.gnu.linkonce.d*)
                0x0080012c                . = ALIGN (0x2)
 *fill*         0x0080012b        0x1 00
                0x0080012c                _edata = .
                0x0080012c                PROVIDE (__data_end, .)

.bss            0x0080012c      0x4ba
                0x0080012c                PROVIDE (__bss_start, .)
 *(.bss)
 *(.bss*)
 .bss.buf.6665  0x0080012c      0x400 u8g2_d_memory.o
 *(COMMON)
 COMMON         0x0080052c       0xba main.o
                0x0080052c                u8g2_ssd1306
                0x00800589                u8g2_ks0108
                0x008005e6                PROVIDE (__bss_end, .)
                0x00002578                __data_load_start = LOADADDR (.data)
                0x000025a4                __data_load_end = (__data_load_start + SIZEOF (.data))

.noinit         0x008005e6        0x0
                0x008005e6                PROVIDE (__noinit_start, .)
 *(.noinit*)
                0x008005e6                PROVIDE (__noinit_end, .)
                0x008005e6                _end = .
                0x008005e6                PROVIDE (__heap_start, .)

.eeprom         0x00810000        0x0
 *(.eeprom*)
                0x00810000                __eeprom_end = .

.fuse
 *(.fuse)
 *(.lfuse)
 *(.hfuse)
 *(.efuse)

.lock
 *(.lock*)

.signature
 *(.signature*)

.stab
 *(.stab)

.stabstr
 *(.stabstr)

.stab.excl
 *(.stab.excl)

.stab.exclstr
 *(.stab.exclstr)

.stab.index
 *(.stab.index)

.stab.indexstr
 *(.stab.indexstr)

.comment
 *(.comment)

.debug
 *(.debug)

.line
 *(.line)

.debug_srcinfo
 *(.debug_srcinfo)

.debug_sfnames
 *(.debug_sfnames)

.debug_aranges  0x00000000     0x2658
 *(.debug_aranges)
 .debug_aranges
                0x00000000       0x30 main.o
 .debug_aranges
                0x00000030       0x50 u8g2_bitmap.o
 .debug_aranges
                0x00000080       0x38 u8g2_box.o
 .debug_aranges
                0x000000b8       0x48 u8g2_buffer.o
 .debug_aranges
                0x00000100       0x58 u8g2_circle.o
 .debug_aranges
                0x00000158       0x20 u8g2_cleardisplay.o
 .debug_aranges
                0x00000178      0x3f0 u8g2_d_memory.o
 .debug_aranges
                0x00000568      0xeb8 u8g2_d_setup.o
 .debug_aranges
                0x00001420      0x188 u8g2_font.o
 .debug_aranges
                0x000015a8       0x50 u8g2_hvline.o
 .debug_aranges
                0x000015f8       0x20 u8g2_input_value.o
 .debug_aranges
                0x00001618       0x28 u8g2_intersection.o
 .debug_aranges
                0x00001640       0x28 u8g2_kerning.o
 .debug_aranges
                0x00001668       0x20 u8g2_line.o
 .debug_aranges
                0x00001688       0x28 u8g2_ll_hvline.o
 .debug_aranges
                0x000016b0       0x28 u8g2_message.o
 .debug_aranges
                0x000016d8       0x60 u8g2_polygon.o
 .debug_aranges
                0x00001738       0x40 u8g2_selection_list.o
 .debug_aranges
                0x00001778       0x80 u8g2_setup.o
 .debug_aranges
                0x000017f8       0x88 u8log.o
 .debug_aranges
                0x00001880       0x28 u8log_u8g2.o
 .debug_aranges
                0x000018a8       0x30 u8log_u8x8.o
 .debug_aranges
                0x000018d8       0xb8 u8x8_8x8.o
 .debug_aranges
                0x00001990       0xc0 u8x8_byte.o
 .debug_aranges
                0x00001a50       0xa8 u8x8_cad.o
 .debug_aranges
                0x00001af8       0x20 u8x8_debounce.o
 .debug_aranges
                0x00001b18       0x80 u8x8_display.o
 .debug_aranges
                0x00001b98       0x30 u8x8_d_a2printer.o
 .debug_aranges
                0x00001bc8       0x38 u8x8_d_il3820_296x128.o
 .debug_aranges
                0x00001c00       0x20 u8x8_d_ist3020.o
 .debug_aranges
                0x00001c20       0x30 u8x8_d_ks0108.o
 .debug_aranges
                0x00001c50       0x40 u8x8_d_lc7981.o
 .debug_aranges
                0x00001c90       0x20 u8x8_d_ld7032_60x32.o
 .debug_aranges
                0x00001cb0       0x28 u8x8_d_ls013b7dh03.o
 .debug_aranges
                0x00001cd8       0x38 u8x8_d_max7219.o
 .debug_aranges
                0x00001d10       0x20 u8x8_d_pcd8544_84x48.o
 .debug_aranges
                0x00001d30       0x20 u8x8_d_pcf8812.o
 .debug_aranges
                0x00001d50       0x20 u8x8_d_pcf8814_hx1230.o
 .debug_aranges
                0x00001d70       0x28 u8x8_d_sbn1661.o
 .debug_aranges
                0x00001d98       0x38 u8x8_d_sed1330.o
 .debug_aranges
                0x00001dd0       0x20 u8x8_d_sh1106_64x32.o
 .debug_aranges
                0x00001df0       0x20 u8x8_d_sh1106_72x40.o
 .debug_aranges
                0x00001e10       0x38 u8x8_d_sh1107.o
 .debug_aranges
                0x00001e48       0x20 u8x8_d_sh1108.o
 .debug_aranges
                0x00001e68       0x28 u8x8_d_sh1122.o
 .debug_aranges
                0x00001e90       0x38 u8x8_d_ssd1305.o
 .debug_aranges
                0x00001ec8       0x20 u8x8_d_ssd1306_128x32.o
 .debug_aranges
                0x00001ee8       0x50 u8x8_d_ssd1306_128x64_noname.o
 .debug_aranges
                0x00001f38       0x20 u8x8_d_ssd1306_48x64.o
 .debug_aranges
                0x00001f58       0x30 u8x8_d_ssd1306_64x32.o
 .debug_aranges
                0x00001f88       0x20 u8x8_d_ssd1306_64x48.o
 .debug_aranges
                0x00001fa8       0x20 u8x8_d_ssd1306_96x16.o
 .debug_aranges
                0x00001fc8       0x30 u8x8_d_ssd1309.o
 .debug_aranges
                0x00001ff8       0x20 u8x8_d_ssd1317.o
 .debug_aranges
                0x00002018       0x40 u8x8_d_ssd1322.o
 .debug_aranges
                0x00002058       0x30 u8x8_d_ssd1325.o
 .debug_aranges
                0x00002088       0x20 u8x8_d_ssd1326.o
 .debug_aranges
                0x000020a8       0x38 u8x8_d_ssd1327.o
 .debug_aranges
                0x000020e0       0x20 u8x8_d_ssd1329.o
 .debug_aranges
                0x00002100       0x28 u8x8_d_ssd1606_172x72.o
 .debug_aranges
                0x00002128       0x40 u8x8_d_ssd1607_200x200.o
 .debug_aranges
                0x00002168       0x48 u8x8_d_st75256.o
 .debug_aranges
                0x000021b0       0x78 u8x8_d_st7565.o
 .debug_aranges
                0x00002228       0x48 u8x8_d_st7567.o
 .debug_aranges
                0x00002270       0x20 u8x8_d_st7586s_erc240160.o
 .debug_aranges
                0x00002290       0x20 u8x8_d_st7586s_s028hn118a.o
 .debug_aranges
                0x000022b0       0x20 u8x8_d_st7588.o
 .debug_aranges
                0x000022d0       0x30 u8x8_d_st7920.o
 .debug_aranges
                0x00002300       0x38 u8x8_d_stdio.o
 .debug_aranges
                0x00002338       0x48 u8x8_d_t6963.o
 .debug_aranges
                0x00002380       0x20 u8x8_d_uc1601.o
 .debug_aranges
                0x000023a0       0x28 u8x8_d_uc1604.o
 .debug_aranges
                0x000023c8       0x38 u8x8_d_uc1608.o
 .debug_aranges
                0x00002400       0x20 u8x8_d_uc1610.o
 .debug_aranges
                0x00002420       0x38 u8x8_d_uc1611.o
 .debug_aranges
                0x00002458       0x28 u8x8_d_uc1617.o
 .debug_aranges
                0x00002480       0x28 u8x8_d_uc1638.o
 .debug_aranges
                0x000024a8       0x20 u8x8_d_uc1701_dogs102.o
 .debug_aranges
                0x000024c8       0x20 u8x8_d_uc1701_mini12864.o
 .debug_aranges
                0x000024e8       0x20 u8x8_gpio.o
 .debug_aranges
                0x00002508       0x20 u8x8_input_value.o
 .debug_aranges
                0x00002528       0x28 u8x8_message.o
 .debug_aranges
                0x00002550       0x40 u8x8_selection_list.o
 .debug_aranges
                0x00002590       0x38 u8x8_setup.o
 .debug_aranges
                0x000025c8       0x40 u8x8_string.o
 .debug_aranges
                0x00002608       0x28 u8x8_u16toa.o
 .debug_aranges
                0x00002630       0x28 u8x8_u8toa.o

.debug_pubnames
                0x00000000     0xf369
 *(.debug_pubnames)
 .debug_pubnames
                0x00000000       0x5a main.o
 .debug_pubnames
                0x0000005a       0xa3 u8g2_bitmap.o
 .debug_pubnames
                0x000000fd       0x5c u8g2_box.o
 .debug_pubnames
                0x00000159       0x7e u8g2_buffer.o
 .debug_pubnames
                0x000001d7       0x68 u8g2_circle.o
 .debug_pubnames
                0x0000023f       0x28 u8g2_cleardisplay.o
 .debug_pubnames
                0x00000267      0x8dc u8g2_d_memory.o
 .debug_pubnames
                0x00000b43     0x415b u8g2_d_setup.o
 .debug_pubnames
                0x00004c9e      0x3d9 u8g2_font.o
 .debug_pubnames
                0x00005077     0x7dd3 u8g2_fonts.o
 .debug_pubnames
                0x0000ce4a       0x90 u8g2_hvline.o
 .debug_pubnames
                0x0000ceda       0x33 u8g2_input_value.o
 .debug_pubnames
                0x0000cf0d       0x51 u8g2_intersection.o
 .debug_pubnames
                0x0000cf5e       0x41 u8g2_kerning.o
 .debug_pubnames
                0x0000cf9f       0x24 u8g2_line.o
 .debug_pubnames
                0x0000cfc3       0x5e u8g2_ll_hvline.o
 .debug_pubnames
                0x0000d021       0x4a u8g2_message.o
 .debug_pubnames
                0x0000d06b       0x77 u8g2_polygon.o
 .debug_pubnames
                0x0000d0e2       0x7e u8g2_selection_list.o
 .debug_pubnames
                0x0000d160      0x18b u8g2_setup.o
 .debug_pubnames
                0x0000d2eb      0x113 u8log.o
 .debug_pubnames
                0x0000d3fe       0x35 u8log_u8g2.o
 .debug_pubnames
                0x0000d433       0x35 u8log_u8x8.o
 .debug_pubnames
                0x0000d468      0x144 u8x8_8x8.o
 .debug_pubnames
                0x0000d5ac      0x169 u8x8_byte.o
 .debug_pubnames
                0x0000d715      0x18e u8x8_cad.o
 .debug_pubnames
                0x0000d8a3       0x28 u8x8_debounce.o
 .debug_pubnames
                0x0000d8cb      0x148 u8x8_display.o
 .debug_pubnames
                0x0000da13       0x69 u8x8_d_a2printer.o
 .debug_pubnames
                0x0000da7c       0x49 u8x8_d_il3820_296x128.o
 .debug_pubnames
                0x0000dac5       0x2e u8x8_d_ist3020.o
 .debug_pubnames
                0x0000daf3       0x46 u8x8_d_ks0108.o
 .debug_pubnames
                0x0000db39       0x78 u8x8_d_lc7981.o
 .debug_pubnames
                0x0000dbb1       0x2a u8x8_d_ld7032_60x32.o
 .debug_pubnames
                0x0000dbdb       0x50 u8x8_d_ls013b7dh03.o
 .debug_pubnames
                0x0000dc2b       0x59 u8x8_d_max7219.o
 .debug_pubnames
                0x0000dc84       0x2b u8x8_d_pcd8544_84x48.o
 .debug_pubnames
                0x0000dcaf       0x2b u8x8_d_pcf8812.o
 .debug_pubnames
                0x0000dcda       0x2a u8x8_d_pcf8814_hx1230.o
 .debug_pubnames
                0x0000dd04       0x46 u8x8_d_sbn1661.o
 .debug_pubnames
                0x0000dd4a       0x7f u8x8_d_sed1330.o
 .debug_pubnames
                0x0000ddc9       0x2a u8x8_d_sh1106_64x32.o
 .debug_pubnames
                0x0000ddf3       0x2f u8x8_d_sh1106_72x40.o
 .debug_pubnames
                0x0000de22       0x63 u8x8_d_sh1107.o
 .debug_pubnames
                0x0000de85       0x2c u8x8_d_sh1108.o
 .debug_pubnames
                0x0000deb1       0x44 u8x8_d_sh1122.o
 .debug_pubnames
                0x0000def5       0x79 u8x8_d_ssd1305.o
 .debug_pubnames
                0x0000df6e       0x36 u8x8_d_ssd1306_128x32.o
 .debug_pubnames
                0x0000dfa4       0xd4 u8x8_d_ssd1306_128x64_noname.o
 .debug_pubnames
                0x0000e078       0x33 u8x8_d_ssd1306_48x64.o
 .debug_pubnames
                0x0000e0ab       0x4e u8x8_d_ssd1306_64x32.o
 .debug_pubnames
                0x0000e0f9       0x2e u8x8_d_ssd1306_64x48.o
 .debug_pubnames
                0x0000e127       0x2e u8x8_d_ssd1306_96x16.o
 .debug_pubnames
                0x0000e155       0x56 u8x8_d_ssd1309.o
 .debug_pubnames
                0x0000e1ab       0x2b u8x8_d_ssd1317.o
 .debug_pubnames
                0x0000e1d6       0x83 u8x8_d_ssd1322.o
 .debug_pubnames
                0x0000e259       0x4c u8x8_d_ssd1325.o
 .debug_pubnames
                0x0000e2a5       0x2f u8x8_d_ssd1326.o
 .debug_pubnames
                0x0000e2d4       0x70 u8x8_d_ssd1327.o
 .debug_pubnames
                0x0000e344       0x33 u8x8_d_ssd1329.o
 .debug_pubnames
                0x0000e377       0x2c u8x8_d_ssd1606_172x72.o
 .debug_pubnames
                0x0000e3a3       0x69 u8x8_d_ssd1607_200x200.o
 .debug_pubnames
                0x0000e40c       0xa2 u8x8_d_st75256.o
 .debug_pubnames
                0x0000e4ae      0x15b u8x8_d_st7565.o
 .debug_pubnames
                0x0000e609       0xa0 u8x8_d_st7567.o
 .debug_pubnames
                0x0000e6a9       0x2f u8x8_d_st7586s_erc240160.o
 .debug_pubnames
                0x0000e6d8       0x30 u8x8_d_st7586s_s028hn118a.o
 .debug_pubnames
                0x0000e708       0x2d u8x8_d_st7588.o
 .debug_pubnames
                0x0000e735       0x5d u8x8_d_st7920.o
 .debug_pubnames
                0x0000e792       0x68 u8x8_d_stdio.o
 .debug_pubnames
                0x0000e7fa       0xa3 u8x8_d_t6963.o
 .debug_pubnames
                0x0000e89d       0x2b u8x8_d_uc1601.o
 .debug_pubnames
                0x0000e8c8       0x46 u8x8_d_uc1604.o
 .debug_pubnames
                0x0000e90e       0x7c u8x8_d_uc1608.o
 .debug_pubnames
                0x0000e98a       0x30 u8x8_d_uc1610.o
 .debug_pubnames
                0x0000e9ba       0x80 u8x8_d_uc1611.o
 .debug_pubnames
                0x0000ea3a       0x47 u8x8_d_uc1617.o
 .debug_pubnames
                0x0000ea81       0x45 u8x8_d_uc1638.o
 .debug_pubnames
                0x0000eac6       0x2f u8x8_d_uc1701_dogs102.o
 .debug_pubnames
                0x0000eaf5       0x2e u8x8_d_uc1701_mini12864.o
 .debug_pubnames
                0x0000eb23      0x5ce u8x8_fonts.o
 .debug_pubnames
                0x0000f0f1       0x25 u8x8_gpio.o
 .debug_pubnames
                0x0000f116       0x33 u8x8_input_value.o
 .debug_pubnames
                0x0000f149       0x4a u8x8_message.o
 .debug_pubnames
                0x0000f193       0x88 u8x8_selection_list.o
 .debug_pubnames
                0x0000f21b       0x5d u8x8_setup.o
 .debug_pubnames
                0x0000f278       0x8d u8x8_string.o
 .debug_pubnames
                0x0000f305       0x33 u8x8_u16toa.o
 .debug_pubnames
                0x0000f338       0x31 u8x8_u8toa.o

.debug_info     0x00000000    0x417a0
 *(.debug_info)
 .debug_info    0x00000000      0xb6c main.o
 .debug_info    0x00000b6c      0xb49 u8g2_bitmap.o
 .debug_info    0x000016b5      0xa3d u8g2_box.o
 .debug_info    0x000020f2      0x9d3 u8g2_buffer.o
 .debug_info    0x00002ac5      0xf78 u8g2_circle.o
 .debug_info    0x00003a3d      0x806 u8g2_cleardisplay.o
 .debug_info    0x00004243     0x228f u8g2_d_memory.o
 .debug_info    0x000064d2     0xe447 u8g2_d_setup.o
 .debug_info    0x00014919     0x1a5f u8g2_font.o
 .debug_info    0x00016378     0xb676 u8g2_fonts.o
 .debug_info    0x000219ee      0xac9 u8g2_hvline.o
 .debug_info    0x000224b7      0x913 u8g2_input_value.o
 .debug_info    0x00022dca      0x891 u8g2_intersection.o
 .debug_info    0x0002365b      0x969 u8g2_kerning.o
 .debug_info    0x00023fc4      0x8b7 u8g2_line.o
 .debug_info    0x0002487b      0x939 u8g2_ll_hvline.o
 .debug_info    0x000251b4      0x97f u8g2_message.o
 .debug_info    0x00025b33      0xe91 u8g2_polygon.o
 .debug_info    0x000269c4      0xb6d u8g2_selection_list.o
 .debug_info    0x00027531      0xc71 u8g2_setup.o
 .debug_info    0x000281a2      0x5e0 u8log.o
 .debug_info    0x00028782      0x9ab u8log_u8g2.o
 .debug_info    0x0002912d      0x577 u8log_u8x8.o
 .debug_info    0x000296a4      0xaff u8x8_8x8.o
 .debug_info    0x0002a1a3      0xae8 u8x8_byte.o
 .debug_info    0x0002ac8b      0x9b2 u8x8_cad.o
 .debug_info    0x0002b63d      0x46a u8x8_debounce.o
 .debug_info    0x0002baa7      0x6bf u8x8_display.o
 .debug_info    0x0002c166      0x4fa u8x8_d_a2printer.o
 .debug_info    0x0002c660      0x68a u8x8_d_il3820_296x128.o
 .debug_info    0x0002ccea      0x4c7 u8x8_d_ist3020.o
 .debug_info    0x0002d1b1      0x57d u8x8_d_ks0108.o
 .debug_info    0x0002d72e      0x696 u8x8_d_lc7981.o
 .debug_info    0x0002ddc4      0x54a u8x8_d_ld7032_60x32.o
 .debug_info    0x0002e30e      0x4a9 u8x8_d_ls013b7dh03.o
 .debug_info    0x0002e7b7      0x63b u8x8_d_max7219.o
 .debug_info    0x0002edf2      0x4ab u8x8_d_pcd8544_84x48.o
 .debug_info    0x0002f29d      0x51e u8x8_d_pcf8812.o
 .debug_info    0x0002f7bb      0x53a u8x8_d_pcf8814_hx1230.o
 .debug_info    0x0002fcf5      0x4da u8x8_d_sbn1661.o
 .debug_info    0x000301cf      0x617 u8x8_d_sed1330.o
 .debug_info    0x000307e6      0x54a u8x8_d_sh1106_64x32.o
 .debug_info    0x00030d30      0x54a u8x8_d_sh1106_72x40.o
 .debug_info    0x0003127a      0x654 u8x8_d_sh1107.o
 .debug_info    0x000318ce      0x54a u8x8_d_sh1108.o
 .debug_info    0x00031e18      0x5c1 u8x8_d_sh1122.o
 .debug_info    0x000323d9      0x62d u8x8_d_ssd1305.o
 .debug_info    0x00032a06      0x54a u8x8_d_ssd1306_128x32.o
 .debug_info    0x00032f50      0x767 u8x8_d_ssd1306_128x64_noname.o
 .debug_info    0x000336b7      0x54a u8x8_d_ssd1306_48x64.o
 .debug_info    0x00033c01      0x596 u8x8_d_ssd1306_64x32.o
 .debug_info    0x00034197      0x54a u8x8_d_ssd1306_64x48.o
 .debug_info    0x000346e1      0x54a u8x8_d_ssd1306_96x16.o
 .debug_info    0x00034c2b      0x596 u8x8_d_ssd1309.o
 .debug_info    0x000351c1      0x54a u8x8_d_ssd1317.o
 .debug_info    0x0003570b      0x7e9 u8x8_d_ssd1322.o
 .debug_info    0x00035ef4      0x6d6 u8x8_d_ssd1325.o
 .debug_info    0x000365ca      0x639 u8x8_d_ssd1326.o
 .debug_info    0x00036c03      0x77c u8x8_d_ssd1327.o
 .debug_info    0x0003737f      0x63a u8x8_d_ssd1329.o
 .debug_info    0x000379b9      0x5cb u8x8_d_ssd1606_172x72.o
 .debug_info    0x00037f84      0x6e6 u8x8_d_ssd1607_200x200.o
 .debug_info    0x0003866a      0x80c u8x8_d_st75256.o
 .debug_info    0x00038e76      0xa54 u8x8_d_st7565.o
 .debug_info    0x000398ca      0x7d8 u8x8_d_st7567.o
 .debug_info    0x0003a0a2      0x51b u8x8_d_st7586s_erc240160.o
 .debug_info    0x0003a5bd      0x5a9 u8x8_d_st7586s_s028hn118a.o
 .debug_info    0x0003ab66      0x54a u8x8_d_st7588.o
 .debug_info    0x0003b0b0      0x578 u8x8_d_st7920.o
 .debug_info    0x0003b628      0x4d1 u8x8_d_stdio.o
 .debug_info    0x0003baf9      0x71b u8x8_d_t6963.o
 .debug_info    0x0003c214      0x4d7 u8x8_d_uc1601.o
 .debug_info    0x0003c6eb      0x53d u8x8_d_uc1604.o
 .debug_info    0x0003cc28      0x63a u8x8_d_uc1608.o
 .debug_info    0x0003d262      0x55a u8x8_d_uc1610.o
 .debug_info    0x0003d7bc      0x731 u8x8_d_uc1611.o
 .debug_info    0x0003deed      0x52d u8x8_d_uc1617.o
 .debug_info    0x0003e41a      0x539 u8x8_d_uc1638.o
 .debug_info    0x0003e953      0x4c7 u8x8_d_uc1701_dogs102.o
 .debug_info    0x0003ee1a      0x4c7 u8x8_d_uc1701_mini12864.o
 .debug_info    0x0003f2e1      0x58d u8x8_fonts.o
 .debug_info    0x0003f86e      0x39a u8x8_gpio.o
 .debug_info    0x0003fc08      0x466 u8x8_input_value.o
 .debug_info    0x0004006e      0x4be u8x8_message.o
 .debug_info    0x0004052c      0x5b7 u8x8_selection_list.o
 .debug_info    0x00040ae3      0x4a6 u8x8_setup.o
 .debug_info    0x00040f89      0x562 u8x8_string.o
 .debug_info    0x000414eb      0x14e u8x8_u16toa.o
 .debug_info    0x00041639      0x167 u8x8_u8toa.o
 *(.gnu.linkonce.wi.*)

.debug_abbrev   0x00000000     0x7bee
 *(.debug_abbrev)
 .debug_abbrev  0x00000000      0x1fb main.o
 .debug_abbrev  0x000001fb      0x159 u8g2_bitmap.o
 .debug_abbrev  0x00000354      0x146 u8g2_box.o
 .debug_abbrev  0x0000049a      0x1c2 u8g2_buffer.o
 .debug_abbrev  0x0000065c      0x23d u8g2_circle.o
 .debug_abbrev  0x00000899       0xf0 u8g2_cleardisplay.o
 .debug_abbrev  0x00000989       0xdb u8g2_d_memory.o
 .debug_abbrev  0x00000a64      0x169 u8g2_d_setup.o
 .debug_abbrev  0x00000bcd      0x323 u8g2_font.o
 .debug_abbrev  0x00000ef0       0x95 u8g2_fonts.o
 .debug_abbrev  0x00000f85      0x1f4 u8g2_hvline.o
 .debug_abbrev  0x00001179      0x12e u8g2_input_value.o
 .debug_abbrev  0x000012a7      0x129 u8g2_intersection.o
 .debug_abbrev  0x000013d0      0x156 u8g2_kerning.o
 .debug_abbrev  0x00001526      0x12a u8g2_line.o
 .debug_abbrev  0x00001650      0x150 u8g2_ll_hvline.o
 .debug_abbrev  0x000017a0      0x145 u8g2_message.o
 .debug_abbrev  0x000018e5      0x28c u8g2_polygon.o
 .debug_abbrev  0x00001b71      0x19e u8g2_selection_list.o
 .debug_abbrev  0x00001d0f      0x1b5 u8g2_setup.o
 .debug_abbrev  0x00001ec4      0x1e9 u8log.o
 .debug_abbrev  0x000020ad      0x141 u8log_u8g2.o
 .debug_abbrev  0x000021ee      0x147 u8log_u8x8.o
 .debug_abbrev  0x00002335      0x209 u8x8_8x8.o
 .debug_abbrev  0x0000253e      0x211 u8x8_byte.o
 .debug_abbrev  0x0000274f      0x19c u8x8_cad.o
 .debug_abbrev  0x000028eb      0x154 u8x8_debounce.o
 .debug_abbrev  0x00002a3f      0x158 u8x8_display.o
 .debug_abbrev  0x00002b97      0x118 u8x8_d_a2printer.o
 .debug_abbrev  0x00002caf      0x1c4 u8x8_d_il3820_296x128.o
 .debug_abbrev  0x00002e73      0x10e u8x8_d_ist3020.o
 .debug_abbrev  0x00002f81      0x132 u8x8_d_ks0108.o
 .debug_abbrev  0x000030b3      0x1b0 u8x8_d_lc7981.o
 .debug_abbrev  0x00003263      0x168 u8x8_d_ld7032_60x32.o
 .debug_abbrev  0x000033cb      0x109 u8x8_d_ls013b7dh03.o
 .debug_abbrev  0x000034d4      0x178 u8x8_d_max7219.o
 .debug_abbrev  0x0000364c      0x10e u8x8_d_pcd8544_84x48.o
 .debug_abbrev  0x0000375a      0x168 u8x8_d_pcf8812.o
 .debug_abbrev  0x000038c2      0x168 u8x8_d_pcf8814_hx1230.o
 .debug_abbrev  0x00003a2a      0x10e u8x8_d_sbn1661.o
 .debug_abbrev  0x00003b38      0x154 u8x8_d_sed1330.o
 .debug_abbrev  0x00003c8c      0x168 u8x8_d_sh1106_64x32.o
 .debug_abbrev  0x00003df4      0x168 u8x8_d_sh1106_72x40.o
 .debug_abbrev  0x00003f5c      0x178 u8x8_d_sh1107.o
 .debug_abbrev  0x000040d4      0x168 u8x8_d_sh1108.o
 .debug_abbrev  0x0000423c      0x1ab u8x8_d_sh1122.o
 .debug_abbrev  0x000043e7      0x178 u8x8_d_ssd1305.o
 .debug_abbrev  0x0000455f      0x168 u8x8_d_ssd1306_128x32.o
 .debug_abbrev  0x000046c7      0x15f u8x8_d_ssd1306_128x64_noname.o
 .debug_abbrev  0x00004826      0x168 u8x8_d_ssd1306_48x64.o
 .debug_abbrev  0x0000498e      0x132 u8x8_d_ssd1306_64x32.o
 .debug_abbrev  0x00004ac0      0x168 u8x8_d_ssd1306_64x48.o
 .debug_abbrev  0x00004c28      0x168 u8x8_d_ssd1306_96x16.o
 .debug_abbrev  0x00004d90      0x169 u8x8_d_ssd1309.o
 .debug_abbrev  0x00004ef9      0x168 u8x8_d_ssd1317.o
 .debug_abbrev  0x00005061      0x1fb u8x8_d_ssd1322.o
 .debug_abbrev  0x0000525c      0x1c4 u8x8_d_ssd1325.o
 .debug_abbrev  0x00005420      0x192 u8x8_d_ssd1326.o
 .debug_abbrev  0x000055b2      0x1c4 u8x8_d_ssd1327.o
 .debug_abbrev  0x00005776      0x1a1 u8x8_d_ssd1329.o
 .debug_abbrev  0x00005917      0x200 u8x8_d_ssd1606_172x72.o
 .debug_abbrev  0x00005b17      0x1c4 u8x8_d_ssd1607_200x200.o
 .debug_abbrev  0x00005cdb      0x16e u8x8_d_st75256.o
 .debug_abbrev  0x00005e49      0x154 u8x8_d_st7565.o
 .debug_abbrev  0x00005f9d      0x17a u8x8_d_st7567.o
 .debug_abbrev  0x00006117      0x12a u8x8_d_st7586s_erc240160.o
 .debug_abbrev  0x00006241      0x17e u8x8_d_st7586s_s028hn118a.o
 .debug_abbrev  0x000063bf      0x168 u8x8_d_st7588.o
 .debug_abbrev  0x00006527      0x10e u8x8_d_st7920.o
 .debug_abbrev  0x00006635      0x143 u8x8_d_stdio.o
 .debug_abbrev  0x00006778      0x154 u8x8_d_t6963.o
 .debug_abbrev  0x000068cc      0x10e u8x8_d_uc1601.o
 .debug_abbrev  0x000069da      0x10e u8x8_d_uc1604.o
 .debug_abbrev  0x00006ae8      0x154 u8x8_d_uc1608.o
 .debug_abbrev  0x00006c3c      0x191 u8x8_d_uc1610.o
 .debug_abbrev  0x00006dcd      0x170 u8x8_d_uc1611.o
 .debug_abbrev  0x00006f3d      0x10e u8x8_d_uc1617.o
 .debug_abbrev  0x0000704b      0x11b u8x8_d_uc1638.o
 .debug_abbrev  0x00007166      0x10e u8x8_d_uc1701_dogs102.o
 .debug_abbrev  0x00007274      0x10e u8x8_d_uc1701_mini12864.o
 .debug_abbrev  0x00007382       0x84 u8x8_fonts.o
 .debug_abbrev  0x00007406       0xcb u8x8_gpio.o
 .debug_abbrev  0x000074d1       0xed u8x8_input_value.o
 .debug_abbrev  0x000075be      0x104 u8x8_message.o
 .debug_abbrev  0x000076c2      0x161 u8x8_selection_list.o
 .debug_abbrev  0x00007823      0x113 u8x8_setup.o
 .debug_abbrev  0x00007936      0x12a u8x8_string.o
 .debug_abbrev  0x00007a60       0xb9 u8x8_u16toa.o
 .debug_abbrev  0x00007b19       0xd5 u8x8_u8toa.o

.debug_line     0x00000000    0x16321
 *(.debug_line)
 .debug_line    0x00000000      0x3f1 main.o
 .debug_line    0x000003f1      0x425 u8g2_bitmap.o
 .debug_line    0x00000816      0x2d6 u8g2_box.o
 .debug_line    0x00000aec      0x267 u8g2_buffer.o
 .debug_line    0x00000d53      0x628 u8g2_circle.o
 .debug_line    0x0000137b       0xd9 u8g2_cleardisplay.o
 .debug_line    0x00001454     0x11e4 u8g2_d_memory.o
 .debug_line    0x00002638     0x6138 u8g2_d_setup.o
 .debug_line    0x00008770      0xf1c u8g2_font.o
 .debug_line    0x0000968c       0x8c u8g2_fonts.o
 .debug_line    0x00009718      0x31b u8g2_hvline.o
 .debug_line    0x00009a33      0x1ec u8g2_input_value.o
 .debug_line    0x00009c1f      0x103 u8g2_intersection.o
 .debug_line    0x00009d22      0x15e u8g2_kerning.o
 .debug_line    0x00009e80      0x13b u8g2_line.o
 .debug_line    0x00009fbb      0x26d u8g2_ll_hvline.o
 .debug_line    0x0000a228      0x250 u8g2_message.o
 .debug_line    0x0000a478      0x4f8 u8g2_polygon.o
 .debug_line    0x0000a970      0x37f u8g2_selection_list.o
 .debug_line    0x0000acef      0x496 u8g2_setup.o
 .debug_line    0x0000b185      0x48f u8log.o
 .debug_line    0x0000b614      0x164 u8log_u8g2.o
 .debug_line    0x0000b778      0x144 u8log_u8x8.o
 .debug_line    0x0000b8bc      0x6ad u8x8_8x8.o
 .debug_line    0x0000bf69      0x8cb u8x8_byte.o
 .debug_line    0x0000c834      0x822 u8x8_cad.o
 .debug_line    0x0000d056      0x181 u8x8_debounce.o
 .debug_line    0x0000d1d7      0x32a u8x8_display.o
 .debug_line    0x0000d501      0x222 u8x8_d_a2printer.o
 .debug_line    0x0000d723      0x2d6 u8x8_d_il3820_296x128.o
 .debug_line    0x0000d9f9      0x19c u8x8_d_ist3020.o
 .debug_line    0x0000db95      0x3fc u8x8_d_ks0108.o
 .debug_line    0x0000df91      0x28a u8x8_d_lc7981.o
 .debug_line    0x0000e21b      0x1cc u8x8_d_ld7032_60x32.o
 .debug_line    0x0000e3e7      0x196 u8x8_d_ls013b7dh03.o
 .debug_line    0x0000e57d      0x258 u8x8_d_max7219.o
 .debug_line    0x0000e7d5      0x1a2 u8x8_d_pcd8544_84x48.o
 .debug_line    0x0000e977      0x16f u8x8_d_pcf8812.o
 .debug_line    0x0000eae6      0x196 u8x8_d_pcf8814_hx1230.o
 .debug_line    0x0000ec7c      0x1de u8x8_d_sbn1661.o
 .debug_line    0x0000ee5a      0x228 u8x8_d_sed1330.o
 .debug_line    0x0000f082      0x1a4 u8x8_d_sh1106_64x32.o
 .debug_line    0x0000f226      0x1a4 u8x8_d_sh1106_72x40.o
 .debug_line    0x0000f3ca      0x23f u8x8_d_sh1107.o
 .debug_line    0x0000f609      0x19e u8x8_d_sh1108.o
 .debug_line    0x0000f7a7      0x254 u8x8_d_sh1122.o
 .debug_line    0x0000f9fb      0x298 u8x8_d_ssd1305.o
 .debug_line    0x0000fc93      0x19e u8x8_d_ssd1306_128x32.o
 .debug_line    0x0000fe31      0x328 u8x8_d_ssd1306_128x64_noname.o
 .debug_line    0x00010159      0x1a5 u8x8_d_ssd1306_48x64.o
 .debug_line    0x000102fe      0x211 u8x8_d_ssd1306_64x32.o
 .debug_line    0x0001050f      0x1a5 u8x8_d_ssd1306_64x48.o
 .debug_line    0x000106b4      0x1a5 u8x8_d_ssd1306_96x16.o
 .debug_line    0x00010859      0x223 u8x8_d_ssd1309.o
 .debug_line    0x00010a7c      0x19f u8x8_d_ssd1317.o
 .debug_line    0x00010c1b      0x4c8 u8x8_d_ssd1322.o
 .debug_line    0x000110e3      0x365 u8x8_d_ssd1325.o
 .debug_line    0x00011448      0x282 u8x8_d_ssd1326.o
 .debug_line    0x000116ca      0x3a1 u8x8_d_ssd1327.o
 .debug_line    0x00011a6b      0x2c4 u8x8_d_ssd1329.o
 .debug_line    0x00011d2f      0x289 u8x8_d_ssd1606_172x72.o
 .debug_line    0x00011fb8      0x389 u8x8_d_ssd1607_200x200.o
 .debug_line    0x00012341      0x6d5 u8x8_d_st75256.o
 .debug_line    0x00012a16      0x5cf u8x8_d_st7565.o
 .debug_line    0x00012fe5      0x57c u8x8_d_st7567.o
 .debug_line    0x00013561      0x24a u8x8_d_st7586s_erc240160.o
 .debug_line    0x000137ab      0x22c u8x8_d_st7586s_s028hn118a.o
 .debug_line    0x000139d7      0x206 u8x8_d_st7588.o
 .debug_line    0x00013bdd      0x1df u8x8_d_st7920.o
 .debug_line    0x00013dbc      0x18c u8x8_d_stdio.o
 .debug_line    0x00013f48      0x2aa u8x8_d_t6963.o
 .debug_line    0x000141f2      0x19b u8x8_d_uc1601.o
 .debug_line    0x0001438d      0x1c5 u8x8_d_uc1604.o
 .debug_line    0x00014552      0x24f u8x8_d_uc1608.o
 .debug_line    0x000147a1      0x233 u8x8_d_uc1610.o
 .debug_line    0x000149d4      0x3f3 u8x8_d_uc1611.o
 .debug_line    0x00014dc7      0x1d5 u8x8_d_uc1617.o
 .debug_line    0x00014f9c      0x1dd u8x8_d_uc1638.o
 .debug_line    0x00015179      0x1b3 u8x8_d_uc1701_dogs102.o
 .debug_line    0x0001532c      0x1b5 u8x8_d_uc1701_mini12864.o
 .debug_line    0x000154e1       0x8c u8x8_fonts.o
 .debug_line    0x0001556d       0xb7 u8x8_gpio.o
 .debug_line    0x00015624      0x1c8 u8x8_input_value.o
 .debug_line    0x000157ec      0x250 u8x8_message.o
 .debug_line    0x00015a3c      0x2cb u8x8_selection_list.o
 .debug_line    0x00015d07      0x196 u8x8_setup.o
 .debug_line    0x00015e9d      0x25b u8x8_string.o
 .debug_line    0x000160f8      0x111 u8x8_u16toa.o
 .debug_line    0x00016209      0x118 u8x8_u8toa.o

.debug_frame    0x00000000     0x41d0
 *(.debug_frame)
 .debug_frame   0x00000000       0x40 main.o
 .debug_frame   0x00000040       0x80 u8g2_bitmap.o
 .debug_frame   0x000000c0       0x50 u8g2_box.o
 .debug_frame   0x00000110       0x70 u8g2_buffer.o
 .debug_frame   0x00000180       0x90 u8g2_circle.o
 .debug_frame   0x00000210       0x20 u8g2_cleardisplay.o
 .debug_frame   0x00000230      0x7c0 u8g2_d_memory.o
 .debug_frame   0x000009f0     0x1d50 u8g2_d_setup.o
 .debug_frame   0x00002740      0x2f0 u8g2_font.o
 .debug_frame   0x00002a30       0x80 u8g2_hvline.o
 .debug_frame   0x00002ab0       0x20 u8g2_input_value.o
 .debug_frame   0x00002ad0       0x30 u8g2_intersection.o
 .debug_frame   0x00002b00       0x30 u8g2_kerning.o
 .debug_frame   0x00002b30       0x20 u8g2_line.o
 .debug_frame   0x00002b50       0x30 u8g2_ll_hvline.o
 .debug_frame   0x00002b80       0x30 u8g2_message.o
 .debug_frame   0x00002bb0       0xa0 u8g2_polygon.o
 .debug_frame   0x00002c50       0x60 u8g2_selection_list.o
 .debug_frame   0x00002cb0       0xe0 u8g2_setup.o
 .debug_frame   0x00002d90       0xf0 u8log.o
 .debug_frame   0x00002e80       0x30 u8log_u8g2.o
 .debug_frame   0x00002eb0       0x40 u8log_u8x8.o
 .debug_frame   0x00002ef0      0x150 u8x8_8x8.o
 .debug_frame   0x00003040      0x160 u8x8_byte.o
 .debug_frame   0x000031a0      0x130 u8x8_cad.o
 .debug_frame   0x000032d0       0x20 u8x8_debounce.o
 .debug_frame   0x000032f0       0xe0 u8x8_display.o
 .debug_frame   0x000033d0       0x40 u8x8_d_a2printer.o
 .debug_frame   0x00003410       0x50 u8x8_d_il3820_296x128.o
 .debug_frame   0x00003460       0x20 u8x8_d_ist3020.o
 .debug_frame   0x00003480       0x40 u8x8_d_ks0108.o
 .debug_frame   0x000034c0       0x60 u8x8_d_lc7981.o
 .debug_frame   0x00003520       0x20 u8x8_d_ld7032_60x32.o
 .debug_frame   0x00003540       0x30 u8x8_d_ls013b7dh03.o
 .debug_frame   0x00003570       0x50 u8x8_d_max7219.o
 .debug_frame   0x000035c0       0x20 u8x8_d_pcd8544_84x48.o
 .debug_frame   0x000035e0       0x20 u8x8_d_pcf8812.o
 .debug_frame   0x00003600       0x20 u8x8_d_pcf8814_hx1230.o
 .debug_frame   0x00003620       0x30 u8x8_d_sbn1661.o
 .debug_frame   0x00003650       0x50 u8x8_d_sed1330.o
 .debug_frame   0x000036a0       0x20 u8x8_d_sh1106_64x32.o
 .debug_frame   0x000036c0       0x20 u8x8_d_sh1106_72x40.o
 .debug_frame   0x000036e0       0x50 u8x8_d_sh1107.o
 .debug_frame   0x00003730       0x20 u8x8_d_sh1108.o
 .debug_frame   0x00003750       0x30 u8x8_d_sh1122.o
 .debug_frame   0x00003780       0x50 u8x8_d_ssd1305.o
 .debug_frame   0x000037d0       0x20 u8x8_d_ssd1306_128x32.o
 .debug_frame   0x000037f0       0x80 u8x8_d_ssd1306_128x64_noname.o
 .debug_frame   0x00003870       0x20 u8x8_d_ssd1306_48x64.o
 .debug_frame   0x00003890       0x40 u8x8_d_ssd1306_64x32.o
 .debug_frame   0x000038d0       0x20 u8x8_d_ssd1306_64x48.o
 .debug_frame   0x000038f0       0x20 u8x8_d_ssd1306_96x16.o
 .debug_frame   0x00003910       0x40 u8x8_d_ssd1309.o
 .debug_frame   0x00003950       0x20 u8x8_d_ssd1317.o
 .debug_frame   0x00003970       0x60 u8x8_d_ssd1322.o
 .debug_frame   0x000039d0       0x40 u8x8_d_ssd1325.o
 .debug_frame   0x00003a10       0x20 u8x8_d_ssd1326.o
 .debug_frame   0x00003a30       0x50 u8x8_d_ssd1327.o
 .debug_frame   0x00003a80       0x20 u8x8_d_ssd1329.o
 .debug_frame   0x00003aa0       0x30 u8x8_d_ssd1606_172x72.o
 .debug_frame   0x00003ad0       0x60 u8x8_d_ssd1607_200x200.o
 .debug_frame   0x00003b30       0x70 u8x8_d_st75256.o
 .debug_frame   0x00003ba0       0xd0 u8x8_d_st7565.o
 .debug_frame   0x00003c70       0x70 u8x8_d_st7567.o
 .debug_frame   0x00003ce0       0x20 u8x8_d_st7586s_erc240160.o
 .debug_frame   0x00003d00       0x20 u8x8_d_st7586s_s028hn118a.o
 .debug_frame   0x00003d20       0x20 u8x8_d_st7588.o
 .debug_frame   0x00003d40       0x40 u8x8_d_st7920.o
 .debug_frame   0x00003d80       0x50 u8x8_d_stdio.o
 .debug_frame   0x00003dd0       0x70 u8x8_d_t6963.o
 .debug_frame   0x00003e40       0x20 u8x8_d_uc1601.o
 .debug_frame   0x00003e60       0x30 u8x8_d_uc1604.o
 .debug_frame   0x00003e90       0x50 u8x8_d_uc1608.o
 .debug_frame   0x00003ee0       0x20 u8x8_d_uc1610.o
 .debug_frame   0x00003f00       0x50 u8x8_d_uc1611.o
 .debug_frame   0x00003f50       0x30 u8x8_d_uc1617.o
 .debug_frame   0x00003f80       0x30 u8x8_d_uc1638.o
 .debug_frame   0x00003fb0       0x20 u8x8_d_uc1701_dogs102.o
 .debug_frame   0x00003fd0       0x20 u8x8_d_uc1701_mini12864.o
 .debug_frame   0x00003ff0       0x20 u8x8_gpio.o
 .debug_frame   0x00004010       0x20 u8x8_input_value.o
 .debug_frame   0x00004030       0x30 u8x8_message.o
 .debug_frame   0x00004060       0x60 u8x8_selection_list.o
 .debug_frame   0x000040c0       0x50 u8x8_setup.o
 .debug_frame   0x00004110       0x60 u8x8_string.o
 .debug_frame   0x00004170       0x30 u8x8_u16toa.o
 .debug_frame   0x000041a0       0x30 u8x8_u8toa.o

.debug_str      0x00000000    0x1196d
 *(.debug_str)
 .debug_str     0x00000000      0x729 main.o
                                0x7c3 (size before relaxing)
 .debug_str     0x00000729       0xe0 u8g2_bitmap.o
                                0x7c0 (size before relaxing)
 .debug_str     0x00000809       0x4f u8g2_box.o
                                0x757 (size before relaxing)
 .debug_str     0x00000858       0xd3 u8g2_buffer.o
                                0x7e2 (size before relaxing)
 .debug_str     0x0000092b      0x15b u8g2_circle.o
                                0x86b (size before relaxing)
 .debug_str     0x00000a86       0x2b u8g2_cleardisplay.o
                                0x733 (size before relaxing)
 .debug_str     0x00000ab1      0x6fc u8g2_d_memory.o
                                0x7a5 (size before relaxing)
 .debug_str     0x000011ad     0x3a16 u8g2_d_setup.o
                               0x411e (size before relaxing)
 .debug_str     0x00004bc3      0x521 u8g2_font.o
                                0xc77 (size before relaxing)
 .debug_str     0x000050e4     0x6ae6 u8g2_fonts.o
                               0x6ba4 (size before relaxing)
 .debug_str     0x0000bbca       0xa7 u8g2_hvline.o
                                0x7b5 (size before relaxing)
 .debug_str     0x0000bc71       0x65 u8g2_input_value.o
                                0x778 (size before relaxing)
 .debug_str     0x0000bcd6       0x50 u8g2_intersection.o
                                0x758 (size before relaxing)
 .debug_str     0x0000bd26       0x3b u8g2_kerning.o
                                0x7db (size before relaxing)
 .debug_str     0x0000bd61       0x2c u8g2_line.o
                                0x73f (size before relaxing)
 .debug_str     0x0000bd8d       0x63 u8g2_ll_hvline.o
                                0x787 (size before relaxing)
 .debug_str     0x0000bdf0       0x8f u8g2_message.o
                                0x7ae (size before relaxing)
 .debug_str     0x0000be7f      0x1bf u8g2_polygon.o
                                0x8df (size before relaxing)
 .debug_str     0x0000c03e      0x10c u8g2_selection_list.o
                                0x83b (size before relaxing)
 .debug_str     0x0000c14a      0x159 u8g2_setup.o
                                0x88a (size before relaxing)
 .debug_str     0x0000c2a3      0x207 u8log.o
                                0x2e7 (size before relaxing)
 .debug_str     0x0000c4aa       0x47 u8log_u8g2.o
                                0x818 (size before relaxing)
 .debug_str     0x0000c4f1       0x3e u8log_u8x8.o
                                0x499 (size before relaxing)
 .debug_str     0x0000c52f      0x184 u8x8_8x8.o
                                0x50b (size before relaxing)
 .debug_str     0x0000c6b3      0x1e5 u8x8_byte.o
                                0x571 (size before relaxing)
 .debug_str     0x0000c898      0x16b u8x8_cad.o
                                0x4e4 (size before relaxing)
 .debug_str     0x0000ca03       0x50 u8x8_debounce.o
                                0x3ce (size before relaxing)
 .debug_str     0x0000ca53      0x152 u8x8_display.o
                                0x4cb (size before relaxing)
 .debug_str     0x0000cba5       0x8c u8x8_d_a2printer.o
                                0x441 (size before relaxing)
 .debug_str     0x0000cc31      0x1ac u8x8_d_il3820_296x128.o
                                0x546 (size before relaxing)
 .debug_str     0x0000cddd      0x104 u8x8_d_ist3020.o
                                0x49e (size before relaxing)
 .debug_str     0x0000cee1       0xf3 u8x8_d_ks0108.o
                                0x48d (size before relaxing)
 .debug_str     0x0000cfd4      0x189 u8x8_d_lc7981.o
                                0x523 (size before relaxing)
 .debug_str     0x0000d15d      0x103 u8x8_d_ld7032_60x32.o
                                0x49d (size before relaxing)
 .debug_str     0x0000d260       0x9c u8x8_d_ls013b7dh03.o
                                0x436 (size before relaxing)
 .debug_str     0x0000d2fc      0x172 u8x8_d_max7219.o
                                0x50c (size before relaxing)
 .debug_str     0x0000d46e       0xb7 u8x8_d_pcd8544_84x48.o
                                0x451 (size before relaxing)
 .debug_str     0x0000d525       0xce u8x8_d_pcf8812.o
                                0x468 (size before relaxing)
 .debug_str     0x0000d5f3      0x10b u8x8_d_pcf8814_hx1230.o
                                0x4a5 (size before relaxing)
 .debug_str     0x0000d6fe       0xb7 u8x8_d_sbn1661.o
                                0x451 (size before relaxing)
 .debug_str     0x0000d7b5      0x155 u8x8_d_sed1330.o
                                0x4ef (size before relaxing)
 .debug_str     0x0000d90a      0x109 u8x8_d_sh1106_64x32.o
                                0x4a3 (size before relaxing)
 .debug_str     0x0000da13      0x10e u8x8_d_sh1106_72x40.o
                                0x4a8 (size before relaxing)
 .debug_str     0x0000db21      0x1e6 u8x8_d_sh1107.o
                                0x580 (size before relaxing)
 .debug_str     0x0000dd07      0x12f u8x8_d_sh1108.o
                                0x4c9 (size before relaxing)
 .debug_str     0x0000de36      0x114 u8x8_d_sh1122.o
                                0x4ae (size before relaxing)
 .debug_str     0x0000df4a      0x1ce u8x8_d_ssd1305.o
                                0x568 (size before relaxing)
 .debug_str     0x0000e118      0x161 u8x8_d_ssd1306_128x32.o
                                0x4fb (size before relaxing)
 .debug_str     0x0000e279      0x277 u8x8_d_ssd1306_128x64_noname.o
                                0x611 (size before relaxing)
 .debug_str     0x0000e4f0      0x122 u8x8_d_ssd1306_48x64.o
                                0x4bc (size before relaxing)
 .debug_str     0x0000e612      0x159 u8x8_d_ssd1306_64x32.o
                                0x4f3 (size before relaxing)
 .debug_str     0x0000e76b      0x118 u8x8_d_ssd1306_64x48.o
                                0x4b2 (size before relaxing)
 .debug_str     0x0000e883      0x118 u8x8_d_ssd1306_96x16.o
                                0x4b2 (size before relaxing)
 .debug_str     0x0000e99b      0x15d u8x8_d_ssd1309.o
                                0x4f7 (size before relaxing)
 .debug_str     0x0000eaf8      0x106 u8x8_d_ssd1317.o
                                0x4a0 (size before relaxing)
 .debug_str     0x0000ebfe      0x1f4 u8x8_d_ssd1322.o
                                0x593 (size before relaxing)
 .debug_str     0x0000edf2      0x1ff u8x8_d_ssd1325.o
                                0x59e (size before relaxing)
 .debug_str     0x0000eff1      0x159 u8x8_d_ssd1326.o
                                0x4f8 (size before relaxing)
 .debug_str     0x0000f14a      0x298 u8x8_d_ssd1327.o
                                0x637 (size before relaxing)
 .debug_str     0x0000f3e2      0x161 u8x8_d_ssd1329.o
                                0x500 (size before relaxing)
 .debug_str     0x0000f543       0xef u8x8_d_ssd1606_172x72.o
                                0x493 (size before relaxing)
 .debug_str     0x0000f632      0x1d8 u8x8_d_ssd1607_200x200.o
                                0x57c (size before relaxing)
 .debug_str     0x0000f80a      0x2d3 u8x8_d_st75256.o
                                0x66d (size before relaxing)
 .debug_str     0x0000fadd      0x413 u8x8_d_st7565.o
                                0x7ad (size before relaxing)
 .debug_str     0x0000fef0      0x293 u8x8_d_st7567.o
                                0x62d (size before relaxing)
 .debug_str     0x00010183      0x103 u8x8_d_st7586s_erc240160.o
                                0x4a2 (size before relaxing)
 .debug_str     0x00010286       0xe1 u8x8_d_st7586s_s028hn118a.o
                                0x4be (size before relaxing)
 .debug_str     0x00010367      0x111 u8x8_d_st7588.o
                                0x4ab (size before relaxing)
 .debug_str     0x00010478       0xe5 u8x8_d_st7920.o
                                0x47f (size before relaxing)
 .debug_str     0x0001055d       0x4f u8x8_d_stdio.o
                                0x3fa (size before relaxing)
 .debug_str     0x000105ac      0x1f3 u8x8_d_t6963.o
                                0x58d (size before relaxing)
 .debug_str     0x0001079f       0xee u8x8_d_uc1601.o
                                0x488 (size before relaxing)
 .debug_str     0x0001088d       0xeb u8x8_d_uc1604.o
                                0x485 (size before relaxing)
 .debug_str     0x00010978      0x19d u8x8_d_uc1608.o
                                0x537 (size before relaxing)
 .debug_str     0x00010b15      0x113 u8x8_d_uc1610.o
                                0x4b7 (size before relaxing)
 .debug_str     0x00010c28      0x219 u8x8_d_uc1611.o
                                0x5b3 (size before relaxing)
 .debug_str     0x00010e41       0xee u8x8_d_uc1617.o
                                0x488 (size before relaxing)
 .debug_str     0x00010f2f       0xea u8x8_d_uc1638.o
                                0x484 (size before relaxing)
 .debug_str     0x00011019       0xf8 u8x8_d_uc1701_dogs102.o
                                0x492 (size before relaxing)
 .debug_str     0x00011111       0xea u8x8_d_uc1701_mini12864.o
                                0x49d (size before relaxing)
 .debug_str     0x000111fb      0x506 u8x8_fonts.o
                                0x5af (size before relaxing)
 .debug_str     0x00011701       0x20 u8x8_gpio.o
                                0x384 (size before relaxing)
 .debug_str     0x00011721       0x35 u8x8_input_value.o
                                0x3d5 (size before relaxing)
 .debug_str     0x00011756       0x44 u8x8_message.o
                                0x3ef (size before relaxing)
 .debug_str     0x0001179a       0x88 u8x8_selection_list.o
                                0x456 (size before relaxing)
 .debug_str     0x00011822       0x64 u8x8_setup.o
                                0x3d8 (size before relaxing)
 .debug_str     0x00011886       0x83 u8x8_string.o
                                0x3fa (size before relaxing)
 .debug_str     0x00011909       0x2c u8x8_u16toa.o
                                 0xe8 (size before relaxing)
 .debug_str     0x00011935       0x38 u8x8_u8toa.o
                                 0xeb (size before relaxing)

.debug_loc      0x00000000    0x28c52
 *(.debug_loc)
 .debug_loc     0x00000000      0x2d0 main.o
 .debug_loc     0x000002d0      0x656 u8g2_bitmap.o
 .debug_loc     0x00000926      0x4b3 u8g2_box.o
 .debug_loc     0x00000dd9      0x1c0 u8g2_buffer.o
 .debug_loc     0x00000f99      0xaea u8g2_circle.o
 .debug_loc     0x00001a83       0x28 u8g2_cleardisplay.o
 .debug_loc     0x00001aab     0x1338 u8g2_d_memory.o
 .debug_loc     0x00002de3    0x15060 u8g2_d_setup.o
 .debug_loc     0x00017e43     0x17a0 u8g2_font.o
 .debug_loc     0x000195e3      0x538 u8g2_hvline.o
 .debug_loc     0x00019b1b      0x288 u8g2_input_value.o
 .debug_loc     0x00019da3       0xc9 u8g2_intersection.o
 .debug_loc     0x00019e6c      0x158 u8g2_kerning.o
 .debug_loc     0x00019fc4      0x193 u8g2_line.o
 .debug_loc     0x0001a157      0x274 u8g2_ll_hvline.o
 .debug_loc     0x0001a3cb      0x393 u8g2_message.o
 .debug_loc     0x0001a75e      0x540 u8g2_polygon.o
 .debug_loc     0x0001ac9e      0x5da u8g2_selection_list.o
 .debug_loc     0x0001b278      0x55a u8g2_setup.o
 .debug_loc     0x0001b7d2      0x414 u8log.o
 .debug_loc     0x0001bbe6      0x1ac u8log_u8g2.o
 .debug_loc     0x0001bd92      0x243 u8log_u8x8.o
 .debug_loc     0x0001bfd5      0xa0c u8x8_8x8.o
 .debug_loc     0x0001c9e1      0xbc9 u8x8_byte.o
 .debug_loc     0x0001d5aa      0xef4 u8x8_cad.o
 .debug_loc     0x0001e49e       0xd7 u8x8_debounce.o
 .debug_loc     0x0001e575      0x28c u8x8_display.o
 .debug_loc     0x0001e801      0x25d u8x8_d_a2printer.o
 .debug_loc     0x0001ea5e      0x3e8 u8x8_d_il3820_296x128.o
 .debug_loc     0x0001ee46      0x1aa u8x8_d_ist3020.o
 .debug_loc     0x0001eff0      0x3e6 u8x8_d_ks0108.o
 .debug_loc     0x0001f3d6      0x2f9 u8x8_d_lc7981.o
 .debug_loc     0x0001f6cf      0x18a u8x8_d_ld7032_60x32.o
 .debug_loc     0x0001f859      0x1e3 u8x8_d_ls013b7dh03.o
 .debug_loc     0x0001fa3c      0x420 u8x8_d_max7219.o
 .debug_loc     0x0001fe5c      0x1a9 u8x8_d_pcd8544_84x48.o
 .debug_loc     0x00020005      0x13d u8x8_d_pcf8812.o
 .debug_loc     0x00020142      0x17f u8x8_d_pcf8814_hx1230.o
 .debug_loc     0x000202c1      0x192 u8x8_d_sbn1661.o
 .debug_loc     0x00020453      0x354 u8x8_d_sed1330.o
 .debug_loc     0x000207a7      0x17f u8x8_d_sh1106_64x32.o
 .debug_loc     0x00020926      0x17f u8x8_d_sh1106_72x40.o
 .debug_loc     0x00020aa5      0x2bc u8x8_d_sh1107.o
 .debug_loc     0x00020d61      0x17f u8x8_d_sh1108.o
 .debug_loc     0x00020ee0      0x28d u8x8_d_sh1122.o
 .debug_loc     0x0002116d      0x29b u8x8_d_ssd1305.o
 .debug_loc     0x00021408      0x17f u8x8_d_ssd1306_128x32.o
 .debug_loc     0x00021587      0x40f u8x8_d_ssd1306_128x64_noname.o
 .debug_loc     0x00021996      0x17f u8x8_d_ssd1306_48x64.o
 .debug_loc     0x00021b15      0x2cd u8x8_d_ssd1306_64x32.o
 .debug_loc     0x00021de2      0x17f u8x8_d_ssd1306_64x48.o
 .debug_loc     0x00021f61      0x17f u8x8_d_ssd1306_96x16.o
 .debug_loc     0x000220e0      0x21f u8x8_d_ssd1309.o
 .debug_loc     0x000222ff      0x17f u8x8_d_ssd1317.o
 .debug_loc     0x0002247e      0x6a7 u8x8_d_ssd1322.o
 .debug_loc     0x00022b25      0x44e u8x8_d_ssd1325.o
 .debug_loc     0x00022f73      0x261 u8x8_d_ssd1326.o
 .debug_loc     0x000231d4      0x3e1 u8x8_d_ssd1327.o
 .debug_loc     0x000235b5      0x280 u8x8_d_ssd1329.o
 .debug_loc     0x00023835      0x250 u8x8_d_ssd1606_172x72.o
 .debug_loc     0x00023a85      0x532 u8x8_d_ssd1607_200x200.o
 .debug_loc     0x00023fb7      0x7e8 u8x8_d_st75256.o
 .debug_loc     0x0002479f      0x6cc u8x8_d_st7565.o
 .debug_loc     0x00024e6b      0x8ae u8x8_d_st7567.o
 .debug_loc     0x00025719      0x22d u8x8_d_st7586s_erc240160.o
 .debug_loc     0x00025946      0x24b u8x8_d_st7586s_s028hn118a.o
 .debug_loc     0x00025b91      0x195 u8x8_d_st7588.o
 .debug_loc     0x00025d26      0x285 u8x8_d_st7920.o
 .debug_loc     0x00025fab      0x180 u8x8_d_stdio.o
 .debug_loc     0x0002612b      0x4b8 u8x8_d_t6963.o
 .debug_loc     0x000265e3      0x1aa u8x8_d_uc1601.o
 .debug_loc     0x0002678d      0x233 u8x8_d_uc1604.o
 .debug_loc     0x000269c0      0x315 u8x8_d_uc1608.o
 .debug_loc     0x00026cd5      0x235 u8x8_d_uc1610.o
 .debug_loc     0x00026f0a      0x497 u8x8_d_uc1611.o
 .debug_loc     0x000273a1      0x233 u8x8_d_uc1617.o
 .debug_loc     0x000275d4      0x22b u8x8_d_uc1638.o
 .debug_loc     0x000277ff      0x1d0 u8x8_d_uc1701_dogs102.o
 .debug_loc     0x000279cf      0x1d0 u8x8_d_uc1701_mini12864.o
 .debug_loc     0x00027b9f       0x3e u8x8_gpio.o
 .debug_loc     0x00027bdd      0x283 u8x8_input_value.o
 .debug_loc     0x00027e60      0x357 u8x8_message.o
 .debug_loc     0x000281b7      0x2f7 u8x8_selection_list.o
 .debug_loc     0x000284ae      0x1ca u8x8_setup.o
 .debug_loc     0x00028678      0x3be u8x8_string.o
 .debug_loc     0x00028a36      0x132 u8x8_u16toa.o
 .debug_loc     0x00028b68       0xea u8x8_u8toa.o

.debug_macinfo
 *(.debug_macinfo)
OUTPUT(KS0108.elf elf32-avr)
LOAD linker stubs

.debug_ranges   0x00000000     0x27c8
 .debug_ranges  0x00000000       0x70 main.o
 .debug_ranges  0x00000070       0x48 u8g2_bitmap.o
 .debug_ranges  0x000000b8       0x30 u8g2_box.o
 .debug_ranges  0x000000e8       0x40 u8g2_buffer.o
 .debug_ranges  0x00000128       0x50 u8g2_circle.o
 .debug_ranges  0x00000178       0x18 u8g2_cleardisplay.o
 .debug_ranges  0x00000190      0x3e8 u8g2_d_memory.o
 .debug_ranges  0x00000578      0xeb0 u8g2_d_setup.o
 .debug_ranges  0x00001428      0x260 u8g2_font.o
 .debug_ranges  0x00001688       0x98 u8g2_hvline.o
 .debug_ranges  0x00001720       0x18 u8g2_input_value.o
 .debug_ranges  0x00001738       0x20 u8g2_intersection.o
 .debug_ranges  0x00001758       0x20 u8g2_kerning.o
 .debug_ranges  0x00001778       0x18 u8g2_line.o
 .debug_ranges  0x00001790       0x20 u8g2_ll_hvline.o
 .debug_ranges  0x000017b0       0x20 u8g2_message.o
 .debug_ranges  0x000017d0       0xe8 u8g2_polygon.o
 .debug_ranges  0x000018b8       0x38 u8g2_selection_list.o
 .debug_ranges  0x000018f0       0x78 u8g2_setup.o
 .debug_ranges  0x00001968       0x80 u8log.o
 .debug_ranges  0x000019e8       0x20 u8log_u8g2.o
 .debug_ranges  0x00001a08       0x28 u8log_u8x8.o
 .debug_ranges  0x00001a30       0xb0 u8x8_8x8.o
 .debug_ranges  0x00001ae0       0xb8 u8x8_byte.o
 .debug_ranges  0x00001b98       0xa0 u8x8_cad.o
 .debug_ranges  0x00001c38       0x18 u8x8_debounce.o
 .debug_ranges  0x00001c50       0x78 u8x8_display.o
 .debug_ranges  0x00001cc8       0x28 u8x8_d_a2printer.o
 .debug_ranges  0x00001cf0       0x60 u8x8_d_il3820_296x128.o
 .debug_ranges  0x00001d50       0x18 u8x8_d_ist3020.o
 .debug_ranges  0x00001d68       0x28 u8x8_d_ks0108.o
 .debug_ranges  0x00001d90       0x38 u8x8_d_lc7981.o
 .debug_ranges  0x00001dc8       0x18 u8x8_d_ld7032_60x32.o
 .debug_ranges  0x00001de0       0x20 u8x8_d_ls013b7dh03.o
 .debug_ranges  0x00001e00       0x30 u8x8_d_max7219.o
 .debug_ranges  0x00001e30       0x18 u8x8_d_pcd8544_84x48.o
 .debug_ranges  0x00001e48       0x18 u8x8_d_pcf8812.o
 .debug_ranges  0x00001e60       0x18 u8x8_d_pcf8814_hx1230.o
 .debug_ranges  0x00001e78       0x20 u8x8_d_sbn1661.o
 .debug_ranges  0x00001e98       0x30 u8x8_d_sed1330.o
 .debug_ranges  0x00001ec8       0x18 u8x8_d_sh1106_64x32.o
 .debug_ranges  0x00001ee0       0x18 u8x8_d_sh1106_72x40.o
 .debug_ranges  0x00001ef8       0x30 u8x8_d_sh1107.o
 .debug_ranges  0x00001f28       0x18 u8x8_d_sh1108.o
 .debug_ranges  0x00001f40       0x38 u8x8_d_sh1122.o
 .debug_ranges  0x00001f78       0x30 u8x8_d_ssd1305.o
 .debug_ranges  0x00001fa8       0x18 u8x8_d_ssd1306_128x32.o
 .debug_ranges  0x00001fc0       0x48 u8x8_d_ssd1306_128x64_noname.o
 .debug_ranges  0x00002008       0x18 u8x8_d_ssd1306_48x64.o
 .debug_ranges  0x00002020       0x28 u8x8_d_ssd1306_64x32.o
 .debug_ranges  0x00002048       0x18 u8x8_d_ssd1306_64x48.o
 .debug_ranges  0x00002060       0x18 u8x8_d_ssd1306_96x16.o
 .debug_ranges  0x00002078       0x28 u8x8_d_ssd1309.o
 .debug_ranges  0x000020a0       0x18 u8x8_d_ssd1317.o
 .debug_ranges  0x000020b8       0x78 u8x8_d_ssd1322.o
 .debug_ranges  0x00002130       0x68 u8x8_d_ssd1325.o
 .debug_ranges  0x00002198       0x58 u8x8_d_ssd1326.o
 .debug_ranges  0x000021f0       0x70 u8x8_d_ssd1327.o
 .debug_ranges  0x00002260       0x58 u8x8_d_ssd1329.o
 .debug_ranges  0x000022b8       0x58 u8x8_d_ssd1606_172x72.o
 .debug_ranges  0x00002310       0x68 u8x8_d_ssd1607_200x200.o
 .debug_ranges  0x00002378       0x40 u8x8_d_st75256.o
 .debug_ranges  0x000023b8       0x70 u8x8_d_st7565.o
 .debug_ranges  0x00002428       0x40 u8x8_d_st7567.o
 .debug_ranges  0x00002468       0x18 u8x8_d_st7586s_erc240160.o
 .debug_ranges  0x00002480       0x18 u8x8_d_st7586s_s028hn118a.o
 .debug_ranges  0x00002498       0x18 u8x8_d_st7588.o
 .debug_ranges  0x000024b0       0x28 u8x8_d_st7920.o
 .debug_ranges  0x000024d8       0x30 u8x8_d_stdio.o
 .debug_ranges  0x00002508       0x40 u8x8_d_t6963.o
 .debug_ranges  0x00002548       0x18 u8x8_d_uc1601.o
 .debug_ranges  0x00002560       0x20 u8x8_d_uc1604.o
 .debug_ranges  0x00002580       0x30 u8x8_d_uc1608.o
 .debug_ranges  0x000025b0       0x48 u8x8_d_uc1610.o
 .debug_ranges  0x000025f8       0x30 u8x8_d_uc1611.o
 .debug_ranges  0x00002628       0x20 u8x8_d_uc1617.o
 .debug_ranges  0x00002648       0x20 u8x8_d_uc1638.o
 .debug_ranges  0x00002668       0x18 u8x8_d_uc1701_dogs102.o
 .debug_ranges  0x00002680       0x18 u8x8_d_uc1701_mini12864.o
 .debug_ranges  0x00002698       0x18 u8x8_gpio.o
 .debug_ranges  0x000026b0       0x18 u8x8_input_value.o
 .debug_ranges  0x000026c8       0x20 u8x8_message.o
 .debug_ranges  0x000026e8       0x38 u8x8_selection_list.o
 .debug_ranges  0x00002720       0x30 u8x8_setup.o
 .debug_ranges  0x00002750       0x38 u8x8_string.o
 .debug_ranges  0x00002788       0x20 u8x8_u16toa.o
 .debug_ranges  0x000027a8       0x20 u8x8_u8toa.o
